// Jest Snapshot v1, https://goo.gl/fbAQLP

exports[`matches snapshot as heads 1`] = `
<DocumentFragment>
  <div
    class="CoinFlip"
  >
    <h1>
      Let's flip a coin!
    </h1>
    <button>
      FLIP MEEE
    </button>
    <p>
      Out of 0 flips, there have been 0 heads and 0 tails.
    </p>
  </div>
</DocumentFragment>
`;
