// Jest Snapshot v1, https://goo.gl/fbAQLP

exports[`matches snapshot as heads 1`] = `
<DocumentFragment>
  <div
    class="Coin"
  >
    Heads
  </div>
</DocumentFragment>
`;

exports[`matches snapshot as tails 1`] = `
<DocumentFragment>
  <div
    class="Coin"
  >
    Heads
  </div>
</DocumentFragment>
`;
